[
 {
  "BoolValue": false
 },
 {
  "BoolValue": true
 },
 {
  "BoolValue": false
 },
 {
  "BoolValue": true
 },
 {
  "BoolValue": false
 },
 {
  "BoolValue": true
 },
 {
  "CSVValue": [
   {
    "Foo": 1
   },
   {
    "Foo": 2
   }
  ],
  "BoolValue": true
 },
 {
  "IntValue": 5
 },
 {
  "TimestampValue": "2020-12-23T09:13:27Z"
 }
]