{
 "/config/inventory.json": {
  "tools": [
   {
    "admin_override": true,
    "filename": "www.company.com",
    "filestore_path": "95b097fd386adb06d90ff35d45f18fb507675b076522e7993b5be4a695f4247a",
    "name": "Tool1",
    "serve_url": "https://www.company.com",
    "url": "https://www.company.com"
   }
  ],
  "version": 100000000000
 }
}