{
 "Request": {
  "env": [
   {
    "key": "Tool_SampleTool_HASH",
    "value": "3c03cf5341a1e078c438f31852e1587a70cc9f91ee02eda315dd231aba0a0ab1"
   },
   {
    "key": "Tool_SampleTool_FILENAME",
    "value": "file.exe"
   },
   {
    "key": "Tool_SampleTool_URL",
    "value": "https://localhost:8000/public/dbdbc5e2ae775342ae9189803757a07b20daf0b04a25cda9d97a99785d75ec3b"
   },
   {
    "key": "Tool_SampleTool_URLs",
    "value": "[\"https://localhost:8000/public/dbdbc5e2ae775342ae9189803757a07b20daf0b04a25cda9d97a99785d75ec3b\"]"
   }
  ],
  "max_row": 1000,
  "query_id": 1,
  "total_queries": 1
 },
 "Tool": {
  "artifact": "TestArtifact",
  "filename": "file.exe",
  "filestore_path": "dbdbc5e2ae775342ae9189803757a07b20daf0b04a25cda9d97a99785d75ec3b",
  "github_asset_regex": "windows-amd64.exe",
  "github_project": "Velocidex/velociraptor",
  "hash": "3c03cf5341a1e078c438f31852e1587a70cc9f91ee02eda315dd231aba0a0ab1",
  "name": "SampleTool",
  "serve_locally": true,
  "serve_url": "https://localhost:8000/public/dbdbc5e2ae775342ae9189803757a07b20daf0b04a25cda9d97a99785d75ec3b",
  "serve_urls": [
   "https://localhost:8000/public/dbdbc5e2ae775342ae9189803757a07b20daf0b04a25cda9d97a99785d75ec3b"
  ],
  "url": "htttp://www.example.com/file.exe",
  "versions": [
   {
    "artifact": "TestArtifact",
    "github_asset_regex": "windows-amd64.exe",
    "github_project": "Velocidex/velociraptor",
    "name": "SampleTool",
    "serve_locally": true
   }
  ]
 }
}