{
 "Correlation Test Too few hits": [],
 "Correlation Test Right number of hits": [
  {
   "Timestamp": "2024-10-10T12:25:00+10",
   "EventID": 4625,
   "TargetDomainName": "Domain",
   "TargetUserName": "A",
   "_MatchingRule": "Failed logon",
   "_Correlations": [
    {
     "Timestamp": "2024-10-10T12:22:00+10",
     "EventID": 4625,
     "TargetDomainName": "Domain",
     "TargetUserName": "A",
     "_MatchingRule": "Failed logon"
    },
    {
     "Timestamp": "2024-10-10T12:24:00+10",
     "EventID": 4625,
     "TargetDomainName": "Domain",
     "TargetUserName": "A",
     "_MatchingRule": "Failed logon"
    },
    {
     "Timestamp": "2024-10-10T12:25:00+10",
     "EventID": 4625,
     "TargetDomainName": "Domain",
     "TargetUserName": "A",
     "_MatchingRule": "Failed logon"
    }
   ],
   "_Rule": {
    "Title": "Multiple failed logons for a single user (possible brute force attack)",
    "Correlation": {
     "type": "event_count",
     "rules": [
      "failed_logon"
     ],
     "group-by": [
      "TargetUserName",
      "TargetDomainName"
     ],
     "timespan": "5m",
     "condition": {
      "gte": 3
     }
    },
    "AdditionalFields": {
     "details": "Detected Multiple Failed Logins",
     "enrichment": "x=\u003ex._Correlations"
    }
   },
   "Details": "Detected Multiple Failed Logins",
   "Enrichment": [
    {
     "Timestamp": "2024-10-10T12:22:00+10",
     "EventID": 4625,
     "TargetDomainName": "Domain",
     "TargetUserName": "A",
     "_MatchingRule": "Failed logon"
    },
    {
     "Timestamp": "2024-10-10T12:24:00+10",
     "EventID": 4625,
     "TargetDomainName": "Domain",
     "TargetUserName": "A",
     "_MatchingRule": "Failed logon"
    },
    {
     "Timestamp": "2024-10-10T12:25:00+10",
     "EventID": 4625,
     "TargetDomainName": "Domain",
     "TargetUserName": "A",
     "_MatchingRule": "Failed logon"
    }
   ]
  }
 ],
 "Correlation Test VALUE_COUNT": [
  {
   "Timestamp": "2024-10-10T12:25:00+10",
   "EventID": 4799,
   "SubjectUserName": "admin",
   "TargetUserName": "Distributed COM Users",
   "_MatchingRule": "High-privilege group enumeration",
   "_Correlations": [
    {
     "Timestamp": "2024-10-10T12:22:00+10",
     "EventID": 4799,
     "SubjectUserName": "admin",
     "TargetUserName": "Administrators",
     "_MatchingRule": "High-privilege group enumeration"
    },
    {
     "Timestamp": "2024-10-10T12:23:00+10",
     "EventID": 4799,
     "SubjectUserName": "admin",
     "TargetUserName": "Remote Desktop Users",
     "_MatchingRule": "High-privilege group enumeration"
    },
    {
     "Timestamp": "2024-10-10T12:24:00+10",
     "EventID": 4799,
     "SubjectUserName": "admin",
     "TargetUserName": "Remote Management Users",
     "_MatchingRule": "High-privilege group enumeration"
    },
    {
     "Timestamp": "2024-10-10T12:25:00+10",
     "EventID": 4799,
     "SubjectUserName": "admin",
     "TargetUserName": "Distributed COM Users",
     "_MatchingRule": "High-privilege group enumeration"
    }
   ],
   "_Rule": {
    "Title": "Enumeration of multiple high-privilege groups by tools like BloodHound",
    "Correlation": {
     "type": "value_count",
     "rules": [
      "privileged_group_enumeration"
     ],
     "group-by": [
      "SubjectUserName"
     ],
     "timespan": "15m",
     "condition": {
      "field": "TargetUserName",
      "gte": 4
     }
    },
    "status": "stable",
    "Level": "high",
    "AdditionalFields": {
     "falsepositives": [
      "Administrative activity",
      "Directory assessment tools"
     ]
    }
   },
   "Details": null
  }
 ],
 "Correlation Test TEMPORAL": [
  {
   "Timestamp": "2024-10-10T12:23:00+10",
   "cs-method": "POST",
   "cs-uri-query": "/app//json/setup-restore-local.action",
   "sc-status": 200,
   "_MatchingRule": "CVE-2023-22518 Exploitation Attempt - Vulnerable Endpoint Connection (Webserver)",
   "_Correlations": [
    {
     "Timestamp": "2024-10-10T12:22:00+10",
     "ParentImage": "C:\\Windows\\tomcat9.exe",
     "ParentCommandLine": "confluence",
     "Image": "C:\\Windows\\cmd.exe",
     "OriginalFileName": "Cmd.Exe",
     "_MatchingRule": "CVE-2023-22518 Exploitation Attempt - Suspicious Confluence Child Process (Windows)"
    },
    {
     "Timestamp": "2024-10-10T12:23:00+10",
     "cs-method": "POST",
     "cs-uri-query": "/app//json/setup-restore-local.action",
     "sc-status": 200,
     "_MatchingRule": "CVE-2023-22518 Exploitation Attempt - Vulnerable Endpoint Connection (Webserver)"
    }
   ],
   "_Rule": {
    "Title": "CVE-2023-22518 Exploit Chain",
    "Correlation": {
     "type": "temporal",
     "rules": [
      "a902d249-9b9c-4dc4-8fd0-fbe528ef965c",
      "1ddaa9a4-eb0b-4398-a9fe-7b018f9e23db"
     ],
     "timespan": "10m"
    },
    "Level": "high"
   },
   "Details": null
  }
 ],
 "Correlation Test TEMPORAL Partial match should not fire": [],
 "Correlation Test TEMPORAL Multiple match": [
  {
   "Timestamp": "2024-10-10T12:25:00+10",
   "cs-method": "POST",
   "_MatchingRule": "Rule2",
   "_Correlations": [
    {
     "Timestamp": "2024-10-10T12:22:00+10",
     "ParentImage": "C:\\Windows\\tomcat8.exe",
     "_MatchingRule": "Rule1"
    },
    {
     "Timestamp": "2024-10-10T12:23:00+10",
     "ParentImage": "C:\\Windows\\tomcat8.exe",
     "_MatchingRule": "Rule1"
    },
    {
     "Timestamp": "2024-10-10T12:24:00+10",
     "ParentImage": "C:\\Windows\\tomcat8.exe",
     "_MatchingRule": "Rule1"
    },
    {
     "Timestamp": "2024-10-10T12:25:00+10",
     "cs-method": "POST",
     "_MatchingRule": "Rule2"
    }
   ],
   "_Rule": {
    "Title": "Both rules",
    "Correlation": {
     "type": "temporal",
     "rules": [
      "r1",
      "r2"
     ],
     "timespan": "10m"
    },
    "Level": "high"
   },
   "Details": null
  }
 ],
 "Correlation Test TEMPORAL Expired match should not fire": []
}