{
 "Correlation Test Too few hits": [],
 "Correlation Test Right number of hits": [
  {
   "Timestamp": "2024-10-10T12:25:00+10",
   "EventID": 4625,
   "TargetDomainName": "Domain",
   "TargetUserName": "A",
   "Details": null,
   "_Correlations": [
    {
     "Timestamp": "2024-10-10T12:22:00+10",
     "EventID": 4625,
     "TargetDomainName": "Domain",
     "TargetUserName": "A"
    },
    {
     "Timestamp": "2024-10-10T12:24:00+10",
     "EventID": 4625,
     "TargetDomainName": "Domain",
     "TargetUserName": "A"
    },
    {
     "Timestamp": "2024-10-10T12:25:00+10",
     "EventID": 4625,
     "TargetDomainName": "Domain",
     "TargetUserName": "A"
    }
   ],
   "_Rule": {
    "Title": "Failed logon",
    "Name": "failed_logon",
    "Logsource": {
     "Product": "windows",
     "Service": "security"
    },
    "Detection": {
     "Searches": {
      "selection": {
       "event_matchers": [
        [
         {
          "field": "EventID",
          "values": [
           4625
          ]
         }
        ]
       ]
      }
     },
     "Condition": [
      {
       "Search": {
        "Name": "selection"
       }
      }
     ]
    },
    "Description": "Detect when logon is failed",
    "correlator": {
     "Title": "Multiple failed logons for a single user (possible brute force attack)",
     "Correlation": {
      "type": "event_count",
      "rules": [
       "failed_logon"
      ],
      "group-by": [
       "TargetUserName",
       "TargetDomainName"
      ],
      "timespan": "5m",
      "condition": {
       "gte": 3
      }
     }
    }
   }
  }
 ],
 "Correlation Test VALUE_COUNT": [],
 "Correlation Test TEMPORAL": [
  {
   "Timestamp": "2024-10-10T12:23:00+10",
   "cs-method": "POST",
   "cs-uri-query": "/app//json/setup-restore-local.action",
   "sc-status": 200,
   "Details": null,
   "_Correlations": [
    {
     "Timestamp": "2024-10-10T12:22:00+10",
     "ParentImage": "C:\\Windows\\tomcat9.exe",
     "ParentCommandLine": "confluence",
     "Image": "C:\\Windows\\cmd.exe",
     "OriginalFileName": "Cmd.Exe"
    },
    {
     "Timestamp": "2024-10-10T12:23:00+10",
     "cs-method": "POST",
     "cs-uri-query": "/app//json/setup-restore-local.action",
     "sc-status": 200
    }
   ],
   "_Rule": {
    "Title": "CVE-2023-22518 Exploitation Attempt - Vulnerable Endpoint Connection (Webserver)",
    "Logsource": {
     "Product": "windows",
     "Service": "security"
    },
    "Detection": {
     "Searches": {
      "selection_method": {
       "event_matchers": [
        [
         {
          "field": "cs-method",
          "values": [
           "POST"
          ]
         }
        ]
       ]
      },
      "selection_status": {
       "event_matchers": [
        [
         {
          "field": "sc-status",
          "values": [
           200,
           302,
           405
          ]
         }
        ]
       ]
      },
      "selection_uris": {
       "event_matchers": [
        [
         {
          "field": "cs-uri-query",
          "modifiers": [
           "contains"
          ],
          "values": [
           "/json/setup-restore-local.action",
           "/json/setup-restore-progress.action",
           "/json/setup-restore.action",
           "/server-info.action",
           "/setup/setupadministrator.action"
          ]
         }
        ]
       ]
      }
     },
     "Condition": [
      {
       "Search": {
        "Pattern": "selection_*"
       }
      }
     ]
    },
    "Id": "a902d249-9b9c-4dc4-8fd0-fbe528ef965c",
    "correlator": {
     "Title": "CVE-2023-22518 Exploit Chain",
     "Correlation": {
      "type": "temporal",
      "rules": [
       "a902d249-9b9c-4dc4-8fd0-fbe528ef965c",
       "1ddaa9a4-eb0b-4398-a9fe-7b018f9e23db"
      ],
      "timespan": "10m"
     },
     "Level": "high"
    }
   }
  }
 ]
}