Diagnostics after valid change:
[]
Diagnostics after broken change:
[
 {
  "range": {
   "start": {
    "line": 0,
    "character": 28
   },
   "end": {
    "line": 0,
    "character": 28
   }
  },
  "severity": 1,
  "source": "vql",
  "message": "(1,29) Generic Error: lexer: invalid input text \"?\""
 }
]
Completions after broken change:
[
 {
  "label": "globs",
  "labelDetails": {
   "detail": ": string",
   "description": "One or more glob patterns to apply to the filesystem."
  },
  "kind": 6,
  "detail": "glob arg",
  "documentation": {
   "kind": "markdown",
   "value": "Type: `string`\n\nOne or more glob patterns to apply to the filesystem."
  }
 }
]
Completions after broken multi-statement change:
[
 {
  "label": "pid",
  "labelDetails": {
   "detail": ": int64",
   "description": "A process ID to list. If not provided list all processes."
  },
  "kind": 6,
  "detail": "pslist arg",
  "documentation": {
   "kind": "markdown",
   "value": "Type: `int64`\n\nA process ID to list. If not provided list all processes."
  }
 }
]