
Test case 0: Query with errors

LET X = 1
SELECT geoip(db='Foo', ip='127.0.0.1', XXX=1) AS Foo
FROM glob(globs='*')

Document URI file:///XXX0
Errors
(3,40) invalid_arg: Invalid arg XXX for function geoip()
Analysis State :
TopLevelQueries:
(2,1)-(3,1) LET X = 1
(3,1)-(5,1) SELECT geoip(db='Foo', ip='127.0.0.1', XXX=1) AS Foo FROM glob(globs='*')
Definitions:
(2,1)-(3,1) X (definition)
Callsites:
(3,8)-(3,47) geoip (function)
   (3,14)-(3,22) db
   (3,24)-(3,38) ip
   (3,40)-(3,45) XXX
(4,6)-(5,1) glob (plugin)
   (4,11)-(4,20) globs

Test case 1: Sub Query

LET Add(X) = X + 1

SELECT {
   SELECT geoip(db='Foo', ip='127.0.0.1', XXX=1) AS Foo
   FROM glob(globs='*', accessor=Add(X='file'))
} AS B
FROM scope()

Document URI file:///XXX1
Errors
(5,43) invalid_arg: Invalid arg XXX for function geoip()
Analysis State :
TopLevelQueries:
(2,1)-(4,1) LET Add(X) = X + 1
(4,1)-(9,1) SELECT { SELECT geoip(db='Foo', ip='127.0.0.1', XXX=1) AS Foo FROM glob(globs='*', accessor=Add(X='f ...
Definitions:
(2,1)-(4,1) Add (definition)
Callsites:
(2,14)-(2,16) X (symbol)
(5,11)-(5,50) geoip (function)
   (5,17)-(5,25) db
   (5,27)-(5,41) ip
   (5,43)-(5,48) XXX
(6,9)-(7,1) glob (plugin)
   (6,14)-(6,23) globs
   (6,25)-(6,47) accessor
(6,34)-(6,47) Add (function)
   (6,38)-(6,46) X
(8,6)-(9,1) scope (plugin)

Test case 2: Columns

LET Session <= shell_session(argv=["XXXbash"])

SELECT Session.IsRunning, version(function="shell_session")
FROM scope()

LET _ <= background(query={
  SELECT * FROM chain(a={
    SELECT sleep(time=1), shell_session_control(
       stdin=format(format="echo hello %v\n\n", args=_value)) AS Session
    FROM range(end=10)
    WHERE log(dedup= -1,
       message="Session.IsRunning = %v", args=Session.IsRunning)
 }, b={
   SELECT shell_session_control(close_stdin=TRUE)
   FROM scope()
 })
})

SELECT * FROM foreach(row=Session.Query)

Document URI file:///XXX2
Errors
Analysis State :
TopLevelQueries:
(2,1)-(4,1) LET Session <= shell_session(argv=["XXXbash"])
(4,1)-(7,1) SELECT Session.IsRunning, version(function="shell_session") FROM scope()
(7,1)-(20,1) LET _ <= background(query={ SELECT * FROM chain(a={ SELECT sleep(time=1), shell_session_control(stdi ...
(20,1)-(21,1) SELECT * FROM foreach(row=Session.Query)
Definitions:
(2,1)-(4,1) Session (definition)
(7,1)-(20,1) _ (definition)
Callsites:
(2,16)-(4,1) shell_session (function)
   (2,30)-(2,46) argv
(4,8)-(4,25) Session.IsRunning (symbol)
(4,27)-(5,1) version (function)
   (4,35)-(4,59) function
(5,6)-(7,1) scope (plugin)
(7,10)-(20,1) background (function)
   (7,21)-(18,2) query
(8,17)-(18,1) chain (plugin)
   (8,23)-(14,3) a
   (14,5)-(17,3) b
(9,12)-(9,25) sleep (function)
   (9,18)-(9,24) time
(9,27)-(10,63) shell_session_control (function)
   (10,8)-(10,61) stdin
(10,14)-(10,61) format (function)
   (10,21)-(10,47) format
   (10,49)-(10,60) args
(10,54)-(10,60) _value (symbol)
(11,10)-(12,5) range (plugin)
   (11,16)-(11,22) end
(12,11)-(14,2) log (function)
   (12,15)-(12,24) dedup
   (13,8)-(13,40) message
   (13,42)-(13,64) args
(13,47)-(13,64) Session.IsRunning (symbol)
(15,11)-(16,4) shell_session_control (function)
   (15,33)-(15,49) close_stdin
(16,9)-(17,2) scope (plugin)
(20,15)-(21,1) foreach (plugin)
   (20,23)-(20,40) row
(20,27)-(20,40) Session.Query (symbol)