
Test case 0: Complete VQL function
SELECT geoip(db='Foo', ip='127.0.0.1') AS Foo FROM scope()
SELECT geoi<--
Diagnostics:
[]
Hover:
{
 "contents": {
  "kind": "Function",
  "value": "Lookup an IP Address using the MaxMind GeoIP database"
 },
 "range": {
  "start": {
   "line": 1,
   "character": 8
  },
  "end": {
   "line": 1,
   "character": 13
  }
 }
}

Test case 1: Complete VQL plugin
SELECT * FROM scope()
SELECT * FROM sco<--
Diagnostics:
[]
Hover:
{
 "contents": {
  "kind": "Plugin",
  "value": "The scope plugin returns the current scope as a single row"
 },
 "range": {
  "start": {
   "line": 1,
   "character": 15
  },
  "end": {
   "line": 1,
   "character": 20
  }
 }
}

Test case 2: Complete VQL nested function
SELECT * FROM glob(globs=lowcase(string='*'))
SELECT * FROM glob(globs=lowc<--
Diagnostics:
[]
Hover:
{
 "contents": {
  "kind": "Function",
  "value": "Returns the lowercase version of a string"
 },
 "range": {
  "start": {
   "line": 1,
   "character": 26
  },
  "end": {
   "line": 1,
   "character": 33
  }
 }
}

Test case 3: Complete plugin all args
SELECT * FROM glob()
SELECT * FROM glob(<--
Diagnostics:
[
 {
  "range": {
   "start": {
    "line": 1,
    "character": 15
   },
   "end": {
    "line": 1,
    "character": 21
   }
  },
  "severity": 1,
  "source": "vql",
  "message": "(1,15) required_arg_missing: While calling plugin glob(), required arg globs is not provided"
 }
]
Hover:
{
 "contents": null
}

Test case 4: Complete a plugin args
SELECT * FROM glob(globs='*')
SELECT * FROM glob(gl<--
Diagnostics:
[]
Hover:
{
 "contents": {
  "kind": "Arg",
  "value": "One or more glob patterns to apply to the filesystem."
 },
 "range": {
  "start": {
   "line": 1,
   "character": 15
  },
  "end": {
   "line": 1,
   "character": 19
  }
 }
}