Code actions:
{
 "title": "Remove unknown argument 'foo'",
 "kind": "quickfix",
 "diagnostics": [
  {
   "range": {
    "start": {
     "line": 0,
     "character": 21
    },
    "end": {
     "line": 0,
     "character": 26
    }
   },
   "severity": 1,
   "source": "vql",
   "message": "(1,22) invalid_arg: Invalid arg foo for plugin pslist()"
  }
 ],
 "isPreferred": true,
 "edit": {
  "changes": {
   "file:///XXX": [
    {
     "range": {
      "start": {
       "line": 0,
       "character": 21
      },
      "end": {
       "line": 0,
       "character": 26
      }
     },
     "newText": ""
    }
   ]
  }
 }
}
{
 "title": "Format document",
 "kind": "source",
 "edit": {
  "changes": {
   "file:///XXX": [
    {
     "range": {
      "start": {
       "line": 0,
       "character": 0
      },
      "end": {
       "line": 0,
       "character": 27
      }
     },
     "newText": "SELECT *\nFROM pslist(foo=1)"
    }
   ]
  }
 }
}