S: to cursor: '' identifier: 'SELECT'
E: to cursor: 'S' identifier: 'SELECT'
L: to cursor: 'SE' identifier: 'SELECT'
E: to cursor: 'SEL' identifier: 'SELECT'
C: to cursor: 'SELE' identifier: 'SELECT'
T: to cursor: 'SELEC' identifier: 'SELECT'
 : to cursor: 'SELECT' identifier: 'SELECT'
*: to cursor: '' identifier: ''
 : to cursor: '*' identifier: ''
F: to cursor: '' identifier: 'FROM'
R: to cursor: 'F' identifier: 'FROM'
O: to cursor: 'FR' identifier: 'FROM'
M: to cursor: 'FRO' identifier: 'FROM'
 : to cursor: 'FROM' identifier: 'FROM'
 : to cursor: 'FROM ' identifier: 'FROM'
 : to cursor: 'FROM  ' identifier: 'FROM'
 : to cursor: 'FROM   ' identifier: 'FROM'
 : to cursor: 'FROM    ' identifier: 'FROM'
i: to cursor: '' identifier: 'info('
n: to cursor: 'i' identifier: 'info('
f: to cursor: 'in' identifier: 'info('
o: to cursor: 'inf' identifier: 'info('
(: to cursor: 'info' identifier: 'info('
f: to cursor: '' identifier: 'foo'
o: to cursor: 'f' identifier: 'foo'
o: to cursor: 'fo' identifier: 'foo'
=: to cursor: '' identifier: ''
': to cursor: '' identifier: ''
h: to cursor: '' identifier: 'hello'
e: to cursor: 'h' identifier: 'hello'
l: to cursor: 'he' identifier: 'hello'
l: to cursor: 'hel' identifier: 'hello'
o: to cursor: 'hell' identifier: 'hello'
': to cursor: '' identifier: ''
): to cursor: '' identifier: ''
