{
 "Buffer with no sep lines": [
  "Buffer with no sep Lines"
 ],
 "Buffer with no sep lines no seps": [
  "Buffer with no sep Lines"
 ],
 "Buffer with line split": [
  "a",
  "buffer",
  "With",
  "Some",
  "More",
  "Lines"
 ],
 "Buffer with fixed size": [
  "This ",
  "is a ",
  "long ",
  "buffe",
  "r wit",
  "h ext",
  "ra da",
  "ta"
 ]
}