[
 {
  "Base": "hello.zip#hello.txt",
  "Data": "hello\n"
 },
 {
  "Base": "hello.zip#hello1.txt",
  "Data": "hello1\n"
 },
 {
  "Base": "hello.zip#hello2.txt",
  "Data": "hello2\n"
 },
 {
  "Base": "hello.zip#hello3.txt",
  "Data": "hello3\n"
 },
 {
  "Base": "hello.zip#hello4.txt",
  "Data": "hello4\n"
 },
 {
  "Base": "hello.zip#hello.txt",
  "Data": "hello\n"
 },
 {
  "Base": "hello.zip#hello1.txt",
  "Data": "hello1\n"
 },
 {
  "Base": "hello.zip#hello2.txt",
  "Data": "hello2\n"
 },
 {
  "Base": "hello.zip#hello3.txt",
  "Data": "hello3\n"
 },
 {
  "Base": "hello.zip#hello4.txt",
  "Data": "hello4\n"
 },
 {
  "Base": "hello.zip#hello.txt",
  "Data": "hello\n"
 },
 {
  "Base": "hello.zip#hello1.txt",
  "Data": "hello1\n"
 },
 {
  "Base": "hello.zip#hello2.txt",
  "Data": "hello2\n"
 },
 {
  "Base": "hello.zip#hello3.txt",
  "Data": "hello3\n"
 },
 {
  "Base": "hello.zip#hello4.txt",
  "Data": "hello4\n"
 },
 {
  "Base": "hello.zip#hello.txt",
  "Data": "hello\n"
 },
 {
  "Base": "hello.zip#hello1.txt",
  "Data": "hello1\n"
 },
 {
  "Base": "hello.zip#hello2.txt",
  "Data": "hello2\n"
 },
 {
  "Base": "hello.zip#hello3.txt",
  "Data": "hello3\n"
 },
 {
  "Base": "hello.zip#hello4.txt",
  "Data": "hello4\n"
 },
 {
  "Base": "hello.zip#hello.txt",
  "Data": "hello\n"
 },
 {
  "Base": "hello.zip#hello1.txt",
  "Data": "hello1\n"
 },
 {
  "Base": "hello.zip#hello2.txt",
  "Data": "hello2\n"
 },
 {
  "Base": "hello.zip#hello3.txt",
  "Data": "hello3\n"
 },
 {
  "Base": "hello.zip#hello4.txt",
  "Data": "hello4\n"
 }
]