[
 "$AttrDef",
 "$BadClus",
 "$BadClus:$Bad",
 "$Bitmap",
 "$Boot",
 "$Extend",
 "$LogFile",
 "$MFT",
 "$MFTMirr",
 "$RECYCLE.BIN",
 "$Secure",
 "$Secure:$SDS",
 "$UpCase",
 "$UpCase:$Info",
 "$Volume",
 "Folder A",
 "System Volume Information",
 "another_file.txt",
 "just_a_file.txt",
 "ones.bin"
]