[
 {
  "in": "{\"Foo\":1}\n",
  "out": "{\"Foo\":1,\"Extra\":2}\n"
 },
 {
  "in": "{\"Foo\":1}\n{\"Bar\":2}\n{\"Baz\":2}\n",
  "out": "{\"Foo\":1,\"Extra\":2}\n{\"Bar\":2,\"Extra\":2}\n{\"Baz\":2,\"Extra\":2}\n"
 },
 {
  "in": "{\"Foo\":1}",
  "out": "{\"Foo\":1,\"Extra\":2}\n"
 },
 {
  "in": "{\"Foo\":1}\n{\"Bar\":2}\n{\"Baz\":2}",
  "out": "{\"Foo\":1,\"Extra\":2}\n{\"Bar\":2,\"Extra\":2}\n{\"Baz\":2,\"Extra\":2}\n"
 },
 {
  "in": "",
  "out": ""
 }
]