{
 "SELECT * FROM Artifact.ArtifactWithSourcesAndPreconditionsEvent()": [
  {
   "Column": "A",
   "count()": 1,
   "_Source": "ArtifactWithSourcesAndPreconditionsEvent/Source1"
  },
  {
   "Column": "B",
   "count()": 1,
   "_Source": "ArtifactWithSourcesAndPreconditionsEvent/Source2"
  },
  {
   "Column": "A",
   "count()": 2,
   "_Source": "ArtifactWithSourcesAndPreconditionsEvent/Source1"
  },
  {
   "Column": "B",
   "count()": 2,
   "_Source": "ArtifactWithSourcesAndPreconditionsEvent/Source2"
  }
 ],
 "SELECT * FROM Artifact.ArtifactWithSourcesAndPreconditionsEvent(preconditions=TRUE)": [
  {
   "Column": "B",
   "count()": 1,
   "_Source": "ArtifactWithSourcesAndPreconditionsEvent/Source2"
  },
  {
   "Column": "B",
   "count()": 2,
   "_Source": "ArtifactWithSourcesAndPreconditionsEvent/Source2"
  }
 ]
}