{
 "Number": 4,
 "JSONTreeSize": 1099,
 "TrackedCount": 12
}{
 "Number": 13,
 "JSONTreeSize": 3911,
 "TrackedCount": 39
}{
 "Number": 40,
 "JSONTreeSize": 13142,
 "TrackedCount": 120
}{
 "Number": 121,
 "JSONTreeSize": 43107,
 "TrackedCount": 363
}{
 "Number": 364,
 "JSONTreeSize": 140382,
 "TrackedCount": 1092
}{
 "Number": 1000,
 "JSONTreeSize": 413052,
 "TrackedCount": 3279
}{
 "Number": 1000,
 "JSONTreeSize": 439538,
 "TrackedCount": 9840
}