{
 "Number": 4,
 "JSONTreeSize": 895,
 "TrackedCount": 12
}{
 "Number": 13,
 "JSONTreeSize": 3401,
 "TrackedCount": 39
}{
 "Number": 40,
 "JSONTreeSize": 11714,
 "TrackedCount": 120
}{
 "Number": 121,
 "JSONTreeSize": 38925,
 "TrackedCount": 363
}{
 "Number": 364,
 "JSONTreeSize": 127938,
 "TrackedCount": 1092
}{
 "Number": 1000,
 "JSONTreeSize": 379946,
 "TrackedCount": 3279
}{
 "Number": 1000,
 "JSONTreeSize": 411007,
 "TrackedCount": 9840
}