{
 "Simple string": "Simple string",
 "你好": "你好",
 "Word \"With\" quotes": "Word %22With%22 quotes",
 "../../../": "%2E.%2F..%2F..%2F",
 "foo.db": "foo.db",
 "bar.json.db": "bar.json.db",
 "filename:with:col.db": "filename%3Awith%3Acol.db",
 "\u0000\u0001\ufffd\ufffd\ufffd\ufffd(": "\u0000\u0001%F0%F2%FF%C3(",
 "\\\\.\\C:\\你好世界\\\"你好/世界.db\"": "%5C%5C.%5CC%3A%5C你好世界%5C%22你好%2F世界.db%22",
 "foo.": "foo%2E"
}