{
 "Added Secret": {
  "name": "MySecret",
  "typeName": "SSH PrivateKey",
  "secret": {
   "username": "fred",
   "hostname": "myhost.com",
   "password": "hunter2",
   "private_key": "",
   "hostkey": ""
  },
  "users": null
 },
 "Granted Secret": {
  "name": "MySecret",
  "typeName": "SSH PrivateKey",
  "secret": {
   "username": "fred",
   "hostname": "myhost.com",
   "password": "hunter2",
   "private_key": "",
   "hostkey": ""
  },
  "users": [
   "User1",
   "User2"
  ]
 },
 "SecretData": {
  "name": "MySecret",
  "type_name": "SSH PrivateKey",
  "users": [
   "User1"
  ],
  "Data": {
   "username": "fred",
   "hostname": "myhost.com",
   "password": "hunter2",
   "private_key": "",
   "hostkey": ""
  }
 },
 "Revoked Secret": {
  "name": "MySecret",
  "typeName": "SSH PrivateKey",
  "secret": {
   "username": "fred",
   "hostname": "myhost.com",
   "password": "hunter2",
   "private_key": "",
   "hostkey": ""
  },
  "users": [
   "User1"
  ]
 }
}